// Jest Snapshot v1, https://jestjs.io/docs/snapshot-testing

exports[`Pruebas component <GifItem></GifItem>  Debe coincidir con el snatshop 1`] = `
<div>
  <div
    class="card"
  >
    <p>
      titulo prueba
    </p>
    <img
      alt="titulo prueba"
      src="http://url.prueba.com"
    />
  </div>
</div>
`;
